Report for group default
Report for group I2R
Report for group I2O
------------------------------------------------------------------------------------------------------------------------------------------------------------
Startpoint: B[2]
    (Clocked by rtDefaultClock R)
Endpoint: Z[30]
    (Clocked by vsysclk R)
Path Group: I2O
Data required time: 42000.0
    (Clock shift: 60000.0, minus Uncertainty: 0.0, plus Latency 0.0, minus Out delay: 18000.0)
Data arrival time: 3068.8
Slack: 38931.2
Logic depth: 38
------------------------------------------------------------------------------------------------------------------------------------------------------------
                                                     Arrival               Arc      Net               Net    Total   fan-                                   
Path                     Module/Cell           Edge     Time    Delay    Delay    Delay     Slew     Load     Load    out     Location Power Domain      (V)
                                                        (ps)     (ps)     (ps)     (ps)     (ps)     (ff)     (ff)    (#)      (um,um)                      
------------------------------------------------------------------------------------------------------------------------------------------------------------
B[2]                     {set_input_delay}        r    700.0    700.0    700.0                        7.1    102.4     21    55,  106                       
i_0_0/i_158/A1->ZN       NAND2_X4*               rf    748.8     48.8     47.9      0.9    100.0      1.2     30.9      2    53,   53  /PD_TOP        (1.10)
i_0_0/i_166/A->ZN        INV_X8                  fr    765.4     16.6     16.6      0.0     15.3      2.1     13.8      3    53,   53  /PD_TOP        (1.10)
i_0_0/i_167/A1->ZN       NAND3_X4*               rf    807.0     41.6     41.6      0.0      7.7      2.8     39.6      4    53,   53  /PD_TOP        (1.10)
i_0_0/i_168/A->ZN        INV_X8                  fr    819.8     12.8     12.7      0.1     15.3      0.6      4.8      1    53,   53  /PD_TOP        (1.10)
i_0_0/i_170/A1->ZN       NOR2_X4                 rf    828.8      9.0      9.0      0.0      5.4      1.4      9.2      2    53,   53  /PD_TOP        (1.10)
i_0_0/i_171/A->ZN        AOI21_X4*               fr    898.7     69.9     69.9      0.0      6.7      1.4     30.7      2    53,   53  /PD_TOP        (1.10)
i_0_0/i_174/A->ZN        AOI21_X4                rf    913.0     14.3     14.3      0.0     15.3      0.8      3.5      1    53,   53  /PD_TOP        (1.10)
i_0_0/i_117/CI->CO       FA_X1                   ff    984.0     71.0     71.0      0.0      7.5      0.8      3.6      1    53,   53  /PD_TOP        (1.10)
i_0_0/i_118/CI->CO       FA_X1                   ff   1058.2     74.2     74.2      0.0     15.9      0.8      3.6      1    53,   53  /PD_TOP        (1.10)
i_0_0/i_119/CI->CO       FA_X1                   ff   1132.4     74.2     74.2      0.0     15.9      0.8      3.6      1    53,   53  /PD_TOP        (1.10)
i_0_0/i_120/CI->CO       FA_X1                   ff   1206.6     74.2     74.2      0.0     15.9      0.8      3.6      1    53,   53  /PD_TOP        (1.10)
i_0_0/i_121/CI->CO       FA_X1                   ff   1280.8     74.2     74.2      0.0     15.9      0.8      3.6      1    53,   53  /PD_TOP        (1.10)
i_0_0/i_122/CI->CO       FA_X1                   ff   1355.0     74.2     74.2      0.0     15.9      0.8      3.6      1    53,   53  /PD_TOP        (1.10)
i_0_0/i_123/CI->CO       FA_X1                   ff   1429.2     74.2     74.2      0.0     15.9      0.8      3.6      1    53,   53  /PD_TOP        (1.10)
i_0_0/i_124/CI->CO       FA_X1                   ff   1503.4     74.2     74.2      0.0     15.9      0.8      3.6      1    53,   53  /PD_TOP        (1.10)
i_0_0/i_125/CI->CO       FA_X1                   ff   1577.6     74.2     74.2      0.0     15.9      0.8      3.6      1    53,   53  /PD_TOP        (1.10)
i_0_0/i_126/CI->CO       FA_X1                   ff   1651.8     74.2     74.2      0.0     15.9      0.8      3.6      1    53,   53  /PD_TOP        (1.10)
i_0_0/i_127/CI->CO       FA_X1                   ff   1726.0     74.2     74.2      0.0     15.9      0.8      3.6      1    53,   53  /PD_TOP        (1.10)
i_0_0/i_128/CI->CO       FA_X1                   ff   1800.2     74.2     74.2      0.0     15.9      0.8      3.6      1    53,   53  /PD_TOP        (1.10)
i_0_0/i_129/CI->CO       FA_X1                   ff   1874.4     74.2     74.2      0.0     15.9      0.8      3.6      1    53,   53  /PD_TOP        (1.10)
i_0_0/i_130/CI->CO       FA_X1                   ff   1948.6     74.2     74.2      0.0     15.9      0.8      3.6      1    53,   53  /PD_TOP        (1.10)
i_0_0/i_131/CI->CO       FA_X1                   ff   2022.8     74.2     74.2      0.0     15.9      0.8      3.6      1    53,   53  /PD_TOP        (1.10)
i_0_0/i_132/CI->CO       FA_X1                   ff   2097.0     74.2     74.2      0.0     15.9      0.8      3.6      1    53,   53  /PD_TOP        (1.10)
i_0_0/i_133/CI->CO       FA_X1                   ff   2171.2     74.2     74.2      0.0     15.9      0.8      3.6      1    53,   53  /PD_TOP        (1.10)
i_0_0/i_134/CI->CO       FA_X1                   ff   2245.4     74.2     74.2      0.0     15.9      0.8      3.6      1    53,   53  /PD_TOP        (1.10)
i_0_0/i_135/CI->CO       FA_X1                   ff   2319.6     74.2     74.2      0.0     15.9      0.8      3.6      1    53,   53  /PD_TOP        (1.10)
i_0_0/i_136/CI->CO       FA_X1                   ff   2393.8     74.2     74.2      0.0     15.9      0.8      3.6      1    53,   53  /PD_TOP        (1.10)
i_0_0/i_137/CI->CO       FA_X1                   ff   2468.0     74.2     74.2      0.0     15.9      0.8      3.6      1    53,   53  /PD_TOP        (1.10)
i_0_0/i_138/CI->CO       FA_X1                   ff   2542.2     74.2     74.2      0.0     15.9      0.8      3.6      1    53,   53  /PD_TOP        (1.10)
i_0_0/i_139/CI->CO       FA_X1                   ff   2616.4     74.2     74.2      0.0     15.9      0.8      3.6      1    53,   53  /PD_TOP        (1.10)
i_0_0/i_140/CI->CO       FA_X1                   ff   2690.6     74.2     74.2      0.0     15.9      0.8      3.6      1    53,   53  /PD_TOP        (1.10)
i_0_0/i_141/CI->CO       FA_X1                   ff   2764.8     74.2     74.2      0.0     15.9      0.8      3.6      1    53,   53  /PD_TOP        (1.10)
i_0_0/i_142/CI->CO       FA_X1                   ff   2839.0     74.2     74.2      0.0     15.9      0.8      3.6      1    53,   53  /PD_TOP        (1.10)
i_0_0/i_143/CI->CO       FA_X1                   ff   2926.0     87.0     87.0      0.0     15.9      1.4      9.5      2    53,   53  /PD_TOP        (1.10)
i_0_0/i_846/A2->ZN       NOR2_X4*                fr   2991.5     65.5     65.5      0.0     23.4      1.3     30.7      2    53,   53  /PD_TOP        (1.10)
i_0_0/i_847/A->ZN        INV_X8                  rf   2998.5      7.0      7.0      0.0     15.3      0.6      4.5      1    53,   53  /PD_TOP        (1.10)
i_0_0/i_848/A2->ZN       NAND2_X4                fr   3012.5     14.0     14.0      0.0      3.5      0.6      4.3      1    53,   53  /PD_TOP        (1.10)
i_0_0/i_849/B->ZN        XNOR2_X2                rr   3067.9     55.4     55.4      0.0      9.5      7.3     17.3      1    53,   53  /PD_TOP        (1.10)
Z[30]                                             r   3068.8      0.9               0.9     53.5                              0,   57                       
------------------------------------------------------------------------------------------------------------------------------------------------------------
Report for group R2O
