Report for group default
Report for group I2R
Report for group I2O
------------------------------------------------------------------------------------------------------------------------------------------------------------
Startpoint: A[1]
    (Clocked by rtDefaultClock R)
Endpoint: Z[6]
    (Clocked by vsysclk R)
Path Group: I2O
Data required time: 42000.0
    (Clock shift: 60000.0, minus Uncertainty: 0.0, plus Latency 0.0, minus Out delay: 18000.0)
Data arrival time: 1260.0
Slack: 40740.0
Logic depth: 10
------------------------------------------------------------------------------------------------------------------------------------------------------------
                                                     Arrival               Arc      Net               Net    Total   fan-                                   
Path                     Module/Cell           Edge     Time    Delay    Delay    Delay     Slew     Load     Load    out     Location Power Domain      (V)
                                                        (ps)     (ps)     (ps)     (ps)     (ps)     (ff)     (ff)    (#)      (um,um)                      
------------------------------------------------------------------------------------------------------------------------------------------------------------
A[1]                     {set_input_delay}        f    700.0    700.0    700.0                        4.5     37.5      7    35,    0                       
i_0_0/i_16/A4->ZN        NAND4_X4*               fr    782.0     82.0     81.6      0.4    100.0      1.4     30.8      2    35,   35  /PD_TOP        (1.10)
i_0_0/i_15/A->ZN         INV_X8                  rf    788.4      6.4      6.4      0.0     15.3      0.6      2.8      1    35,   35  /PD_TOP        (1.10)
i_0_0/i_11/A2->ZN        OR2_X4                  ff    831.1     42.7     42.7      0.0      3.3      0.6      4.1      1    35,   35  /PD_TOP        (1.10)
i_0_0/i_10/B->Z          XOR2_X2                 ff    888.8     57.7     57.7      0.0      8.2      0.7      4.2      1    35,   35  /PD_TOP        (1.10)
i_0_0/i_1/B->CO          FA_X1                   ff    970.4     81.6     81.6      0.0     12.5      0.8      3.6      1    35,   35  /PD_TOP        (1.10)
i_0_0/i_2/CI->CO         FA_X1                   ff   1044.6     74.2     74.2      0.0     15.9      0.8      3.6      1    35,   35  /PD_TOP        (1.10)
i_0_0/i_3/CI->CO         FA_X1                   ff   1132.3     87.7     87.7      0.0     15.9      1.5      9.8      2    35,   35  /PD_TOP        (1.10)
i_0_0/i_44/A->ZN         AOI21_X4                fr   1184.1     51.8     51.8      0.0     23.8      1.4      9.4      2    35,   35  /PD_TOP        (1.10)
i_0_0/i_33/A2->ZN        NOR2_X4                 rf   1197.3     13.2     13.2      0.0     27.7      0.6      4.3      1    35,   35  /PD_TOP        (1.10)
i_0_0/i_32/B->ZN         XNOR2_X2                fr   1259.6     62.3     62.3      0.0      5.6      4.6     14.6      1    35,   35  /PD_TOP        (1.10)
Z[6]                                              r   1260.0      0.4               0.4     47.1                             35,   70                       
------------------------------------------------------------------------------------------------------------------------------------------------------------
Report for group R2O
