Report for group default
Report for group I2R
Report for group I2O
------------------------------------------------------------------------------------------------------------------------------------------------------------
Startpoint: A[0]
    (Clocked by rtDefaultClock R)
Endpoint: Z[30]
    (Clocked by vsysclk R)
Path Group: I2O
Data required time: 42000.0
    (Clock shift: 60000.0, minus Uncertainty: 0.0, plus Latency 0.0, minus Out delay: 18000.0)
Data arrival time: 3071.1
Slack: 38928.9
Logic depth: 32
------------------------------------------------------------------------------------------------------------------------------------------------------------
                                                     Arrival               Arc      Net               Net    Total   fan-                                   
Path                     Module/Cell           Edge     Time    Delay    Delay    Delay     Slew     Load     Load    out     Location Power Domain      (V)
                                                        (ps)     (ps)     (ps)     (ps)     (ps)     (ff)     (ff)    (#)      (um,um)                      
------------------------------------------------------------------------------------------------------------------------------------------------------------
A[0]                     {set_input_delay}        f    700.0    700.0    700.0                        6.8     51.8     16     0,   52                       
i_0_0_16/A2->ZN          AND2_X4                 ff    761.9     61.1     61.1      0.0    100.0      7.7      4.1      1    52,   52  /PD_TOP        (1.10)
i_0_16/i_0/B->CO         HA_X1                   ff    795.2     34.1     33.3      0.8      5.5      0.7      4.2      1    52,   52  /PD_TOP        (1.10)
i_0_16/i_2/B->CO         HA_X1                   ff    829.0     33.8     33.8      0.0      8.5      0.8      3.5      1    52,   52  /PD_TOP        (1.10)
i_0_16/i_4/CI->S         FA_X1                   ff    921.6     92.6     92.6      0.0      7.9      0.8      4.2      1    52,   52  /PD_TOP        (1.10)
i_0_16/i_5/B->S          HA_X1                   ff    985.2     63.6     63.6      0.0     17.8      0.8      4.3      1    52,   52  /PD_TOP        (1.10)
i_0_16/i_213/B->CO       FA_X1                   ff   1067.4     82.2     82.2      0.0     14.1      0.8      3.6      1    52,   52  /PD_TOP        (1.10)
i_0_16/i_214/CI->CO      FA_X1                   ff   1141.6     74.2     74.2      0.0     15.9      0.8      3.6      1    52,   52  /PD_TOP        (1.10)
i_0_16/i_215/CI->CO      FA_X1                   ff   1215.8     74.2     74.2      0.0     15.9      0.8      3.6      1    52,   52  /PD_TOP        (1.10)
i_0_16/i_216/CI->CO      FA_X1                   ff   1290.0     74.2     74.2      0.0     15.9      0.8      3.6      1    52,   52  /PD_TOP        (1.10)
i_0_16/i_217/CI->CO      FA_X1                   ff   1364.2     74.2     74.2      0.0     15.9      0.8      3.6      1    52,   52  /PD_TOP        (1.10)
i_0_16/i_218/CI->CO      FA_X1                   ff   1438.4     74.2     74.2      0.0     15.9      0.8      3.6      1    52,   52  /PD_TOP        (1.10)
i_0_16/i_219/CI->CO      FA_X1                   ff   1512.6     74.2     74.2      0.0     15.9      0.8      3.6      1    52,   52  /PD_TOP        (1.10)
i_0_16/i_220/CI->CO      FA_X1                   ff   1586.8     74.2     74.2      0.0     15.9      0.8      3.6      1    52,   52  /PD_TOP        (1.10)
i_0_16/i_221/CI->CO      FA_X1                   ff   1661.0     74.2     74.2      0.0     15.9      0.8      3.6      1    52,   52  /PD_TOP        (1.10)
i_0_16/i_222/CI->CO      FA_X1                   ff   1735.2     74.2     74.2      0.0     15.9      0.8      3.6      1    52,   52  /PD_TOP        (1.10)
i_0_16/i_223/CI->CO      FA_X1                   ff   1809.4     74.2     74.2      0.0     15.9      0.8      3.6      1    52,   52  /PD_TOP        (1.10)
i_0_16/i_224/CI->CO      FA_X1                   ff   1883.6     74.2     74.2      0.0     15.9      0.8      3.6      1    52,   52  /PD_TOP        (1.10)
i_0_16/i_225/CI->CO      FA_X1                   ff   1957.8     74.2     74.2      0.0     15.9      0.8      3.6      1    52,   52  /PD_TOP        (1.10)
i_0_16/i_226/CI->CO      FA_X1                   ff   2032.0     74.2     74.2      0.0     15.9      0.8      3.6      1    52,   52  /PD_TOP        (1.10)
i_0_16/i_227/CI->CO      FA_X1                   ff   2106.2     74.2     74.2      0.0     15.9      0.8      3.6      1    52,   52  /PD_TOP        (1.10)
i_0_16/i_228/CI->CO      FA_X1                   ff   2180.4     74.2     74.2      0.0     15.9      0.8      3.6      1    52,   52  /PD_TOP        (1.10)
i_0_16/i_229/CI->CO      FA_X1                   ff   2254.6     74.2     74.2      0.0     15.9      0.8      3.6      1    52,   52  /PD_TOP        (1.10)
i_0_16/i_230/CI->CO      FA_X1                   ff   2328.8     74.2     74.2      0.0     15.9      0.8      3.6      1    52,   52  /PD_TOP        (1.10)
i_0_16/i_231/CI->CO      FA_X1                   ff   2403.0     74.2     74.2      0.0     15.9      0.8      3.6      1    52,   52  /PD_TOP        (1.10)
i_0_16/i_232/CI->CO      FA_X1                   ff   2477.2     74.2     74.2      0.0     15.9      0.8      3.6      1    52,   52  /PD_TOP        (1.10)
i_0_16/i_233/CI->CO      FA_X1                   ff   2551.4     74.2     74.2      0.0     15.9      0.8      3.6      1    52,   52  /PD_TOP        (1.10)
i_0_16/i_234/CI->CO      FA_X1                   ff   2625.6     74.2     74.2      0.0     15.9      0.8      3.6      1    52,   52  /PD_TOP        (1.10)
i_0_16/i_235/CI->CO      FA_X1                   ff   2699.8     74.2     74.2      0.0     15.9      0.8      3.6      1    52,   52  /PD_TOP        (1.10)
i_0_16/i_236/CI->CO      FA_X1                   ff   2774.0     74.2     74.2      0.0     15.9      0.8      3.6      1    52,   52  /PD_TOP        (1.10)
i_0_16/i_237/CI->CO      FA_X1                   ff   2848.2     74.2     74.2      0.0     15.9      0.8      3.6      1    52,   52  /PD_TOP        (1.10)
i_0_16/i_238/CI->CO      FA_X1                   ff   2922.4     74.2     74.2      0.0     15.9      0.8      3.6      1    52,   52  /PD_TOP        (1.10)
i_0_16/i_239/CI->S       FA_X1                   fr   3070.2    147.8    147.8      0.0     15.9      7.0     17.0      1    52,   52  /PD_TOP        (1.10)
Z[30]                                             r   3071.1      0.9               0.9     43.6                             52,  106                       
------------------------------------------------------------------------------------------------------------------------------------------------------------
Report for group R2O
